Archive member included because of file (symbol)

c:/davev4-64bit/dave-4.3.2/eclipse/arm-gcc-49/bin/../lib/gcc/arm-none-eabi/4.9.3/../../../../arm-none-eabi/lib/armv7e-m/softfp\libg_nano.a(lib_a-errno.o)
                              ./Libraries/Newlib/syscalls.o (__errno)
c:/davev4-64bit/dave-4.3.2/eclipse/arm-gcc-49/bin/../lib/gcc/arm-none-eabi/4.9.3/../../../../arm-none-eabi/lib/armv7e-m/softfp\libg_nano.a(lib_a-impure.o)
                              c:/davev4-64bit/dave-4.3.2/eclipse/arm-gcc-49/bin/../lib/gcc/arm-none-eabi/4.9.3/../../../../arm-none-eabi/lib/armv7e-m/softfp\libg_nano.a(lib_a-errno.o) (_impure_ptr)
c:/davev4-64bit/dave-4.3.2/eclipse/arm-gcc-49/bin/../lib/gcc/arm-none-eabi/4.9.3/../../../../arm-none-eabi/lib/armv7e-m/softfp\libg_nano.a(lib_a-init.o)
                              ./Startup/startup_XMC4700.o (__libc_init_array)
c:/davev4-64bit/dave-4.3.2/eclipse/arm-gcc-49/bin/../lib/gcc/arm-none-eabi/4.9.3/../../../../arm-none-eabi/lib/armv7e-m/softfp\libg_nano.a(lib_a-memcpy.o)
                              ./Libraries/XMCLib/src/xmc_eth_mac.o (memcpy)
c:/davev4-64bit/dave-4.3.2/eclipse/arm-gcc-49/bin/../lib/gcc/arm-none-eabi/4.9.3/../../../../arm-none-eabi/lib/armv7e-m/softfp\libg_nano.a(lib_a-memset.o)
                              ./Libraries/XMCLib/src/xmc_usbd.o (memset)

Allocating common symbols
Common symbol       size              file

dma0_event_handlers
                    0x20              ./Libraries/XMCLib/src/xmc_dma.o
pipe                0x1c0             ./Libraries/XMCLib/src/xmc_usbh.o
dma1_event_handlers
                    0x10              ./Libraries/XMCLib/src/xmc_dma.o
event_handler_list  0x80              ./Libraries/XMCLib/src/xmc4_scu.o
is_nack             0xe               ./Libraries/XMCLib/src/xmc_usbh.o
usbd_init           0x4               ./Libraries/XMCLib/src/xmc_usbd.o
xmc_device          0x208             ./Libraries/XMCLib/src/xmc_usbd.o

Discarded input sections

 .text          0x00000000        0x0 ./Startup/startup_XMC4700.o
 .data          0x00000000        0x0 ./Startup/startup_XMC4700.o
 .bss           0x00000000        0x0 ./Startup/startup_XMC4700.o
 .text          0x00000000        0x0 ./Startup/system_XMC4700.o
 .data          0x00000000        0x0 ./Startup/system_XMC4700.o
 .bss           0x00000000        0x0 ./Startup/system_XMC4700.o
 .text.delay    0x00000000       0x28 ./Startup/system_XMC4700.o
 .text.SystemCoreClockSetup
                0x00000000      0x200 ./Startup/system_XMC4700.o
 .text.OSCHP_GetFrequency
                0x00000000       0x14 ./Startup/system_XMC4700.o
 .comment       0x00000000       0x71 ./Startup/system_XMC4700.o
 .text          0x00000000        0x0 ./Libraries/XMCLib/src/xmc4_eru.o
 .data          0x00000000        0x0 ./Libraries/XMCLib/src/xmc4_eru.o
 .bss           0x00000000        0x0 ./Libraries/XMCLib/src/xmc4_eru.o
 .text.XMC_ERU_Enable
                0x00000000       0x2c ./Libraries/XMCLib/src/xmc4_eru.o
 .text.XMC_ERU_Disable
                0x00000000       0x2c ./Libraries/XMCLib/src/xmc4_eru.o
 .debug_info    0x00000000      0x59b ./Libraries/XMCLib/src/xmc4_eru.o
 .debug_abbrev  0x00000000      0x13b ./Libraries/XMCLib/src/xmc4_eru.o
 .debug_loc     0x00000000       0xa0 ./Libraries/XMCLib/src/xmc4_eru.o
 .debug_aranges
                0x00000000       0x28 ./Libraries/XMCLib/src/xmc4_eru.o
 .debug_ranges  0x00000000       0x18 ./Libraries/XMCLib/src/xmc4_eru.o
 .debug_line    0x00000000      0x238 ./Libraries/XMCLib/src/xmc4_eru.o
 .debug_str     0x00000000      0x924 ./Libraries/XMCLib/src/xmc4_eru.o
 .comment       0x00000000       0x71 ./Libraries/XMCLib/src/xmc4_eru.o
 .debug_frame   0x00000000       0x60 ./Libraries/XMCLib/src/xmc4_eru.o
 .ARM.attributes
                0x00000000       0x37 ./Libraries/XMCLib/src/xmc4_eru.o
 .text          0x00000000        0x0 ./Libraries/XMCLib/src/xmc4_flash.o
 .data          0x00000000        0x0 ./Libraries/XMCLib/src/xmc4_flash.o
 .bss           0x00000000        0x0 ./Libraries/XMCLib/src/xmc4_flash.o
 .text.XMC_FLASH_lEnterPageModeCommand
                0x00000000       0x20 ./Libraries/XMCLib/src/xmc4_flash.o
 .text.XMC_FLASH_lLoadPageCommand
                0x00000000       0x30 ./Libraries/XMCLib/src/xmc4_flash.o
 .text.XMC_FLASH_lWritePageCommand
                0x00000000       0x44 ./Libraries/XMCLib/src/xmc4_flash.o
 .text.XMC_FLASH_lWriteUCBPageCommand
                0x00000000       0x44 ./Libraries/XMCLib/src/xmc4_flash.o
 .text.XMC_FLASH_lEraseSectorCommand
                0x00000000       0x58 ./Libraries/XMCLib/src/xmc4_flash.o
 .text.XMC_FLASH_lDisableSectorWriteProtectionCommand
                0x00000000       0x64 ./Libraries/XMCLib/src/xmc4_flash.o
 .text.XMC_FLASH_lDisableReadProtectionCommand
                0x00000000       0x60 ./Libraries/XMCLib/src/xmc4_flash.o
 .text.XMC_FLASH_lClearStatusCommand
                0x00000000       0x20 ./Libraries/XMCLib/src/xmc4_flash.o
 .text.XMC_FLASH_ClearStatus
[...]
Memory Configuration

Name             Origin             Length             Attributes
FLASH_1_cached   0x08000000         0x00200000         xr
FLASH_1_uncached 0x0c000000         0x00200000         xr
PSRAM_1          0x1ffe8000         0x00018000         !xr
DSRAM_1_system   0x20000000         0x00020000         !xr
DSRAM_2_comm     0x20020000         0x00020000         !xr
SRAM_combined    0x1ffe8000         0x00058000         !xr
*default*        0x00000000         0xffffffff

Linker script and memory map

LOAD ./Startup/startup_XMC4700.o
LOAD ./Startup/system_XMC4700.o
LOAD ./Libraries/XMCLib/src/xmc4_eru.o
LOAD ./Libraries/XMCLib/src/xmc4_flash.o
LOAD ./Libraries/XMCLib/src/xmc4_gpio.o
LOAD ./Libraries/XMCLib/src/xmc4_rtc.o
LOAD ./Libraries/XMCLib/src/xmc4_scu.o
LOAD ./Libraries/XMCLib/src/xmc_can.o
LOAD ./Libraries/XMCLib/src/xmc_ccu4.o
LOAD ./Libraries/XMCLib/src/xmc_ccu8.o
LOAD ./Libraries/XMCLib/src/xmc_common.o
LOAD ./Libraries/XMCLib/src/xmc_dac.o
LOAD ./Libraries/XMCLib/src/xmc_dma.o
LOAD ./Libraries/XMCLib/src/xmc_dsd.o
LOAD ./Libraries/XMCLib/src/xmc_ebu.o
LOAD ./Libraries/XMCLib/src/xmc_ecat.o
LOAD ./Libraries/XMCLib/src/xmc_eru.o
LOAD ./Libraries/XMCLib/src/xmc_eth_mac.o
LOAD ./Libraries/XMCLib/src/xmc_eth_phy_dp83848.o
LOAD ./Libraries/XMCLib/src/xmc_eth_phy_ksz8031rnl.o
LOAD ./Libraries/XMCLib/src/xmc_eth_phy_ksz8081rnb.o
LOAD ./Libraries/XMCLib/src/xmc_fce.o
LOAD ./Libraries/XMCLib/src/xmc_gpio.o
LOAD ./Libraries/XMCLib/src/xmc_hrpwm.o
LOAD ./Libraries/XMCLib/src/xmc_i2c.o
LOAD ./Libraries/XMCLib/src/xmc_i2s.o
LOAD ./Libraries/XMCLib/src/xmc_ledts.o
LOAD ./Libraries/XMCLib/src/xmc_posif.o
LOAD ./Libraries/XMCLib/src/xmc_rtc.o
LOAD ./Libraries/XMCLib/src/xmc_sdmmc.o
LOAD ./Libraries/XMCLib/src/xmc_spi.o
LOAD ./Libraries/XMCLib/src/xmc_uart.o
LOAD ./Libraries/XMCLib/src/xmc_usbd.o
LOAD ./Libraries/XMCLib/src/xmc_usbh.o
LOAD ./Libraries/XMCLib/src/xmc_usic.o
LOAD ./Libraries/XMCLib/src/xmc_vadc.o
LOAD ./Libraries/XMCLib/src/xmc_wdt.o
LOAD ./Libraries/Newlib/syscalls.o
LOAD ./Dave/Generated/PWM_CCU8/pwm_ccu8.o
LOAD ./Dave/Generated/PWM_CCU8/pwm_ccu8_conf.o
LOAD ./Dave/Generated/GLOBAL_CCU8/global_ccu8.o
LOAD ./Dave/Generated/GLOBAL_CCU8/global_ccu8_conf.o
LOAD ./Dave/Generated/DIGITAL_IO/digital_io.o
LOAD ./Dave/Generated/DIGITAL_IO/digital_io_conf.o
LOAD ./Dave/Generated/CLOCK_XMC4/clock_xmc4.o
LOAD ./Dave/Generated/CLOCK_XMC4/clock_xmc4_conf.o
LOAD ./Dave/Generated/DAVE.o
LOAD ./main.o
LOAD c:/davev4-64bit/dave-4.3.2/eclipse/arm-gcc-49/bin/../lib/gcc/arm-none-eabi/4.9.3/../../../../arm-none-eabi/lib/armv7e-m/softfp\libm.a
START GROUP
LOAD c:/davev4-64bit/dave-4.3.2/eclipse/arm-gcc-49/bin/../lib/gcc/arm-none-eabi/4.9.3/armv7e-m/softfp\libgcc.a
LOAD c:/davev4-64bit/dave-4.3.2/eclipse/arm-gcc-49/bin/../lib/gcc/arm-none-eabi/4.9.3/../../../../arm-none-eabi/lib/armv7e-m/softfp\libg_nano.a
LOAD c:/davev4-64bit/dave-4.3.2/eclipse/arm-gcc-49/bin/../lib/gcc/arm-none-eabi/4.9.3/../../../../arm-none-eabi/lib/armv7e-m/softfp\libc_nano.a
END GROUP
START GROUP
LOAD c:/davev4-64bit/dave-4.3.2/eclipse/arm-gcc-49/bin/../lib/gcc/arm-none-eabi/4.9.3/armv7e-m/softfp\libgcc.a
LOAD c:/davev4-64bit/dave-4.3.2/eclipse/arm-gcc-49/bin/../lib/gcc/arm-none-eabi/4.9.3/../../../../arm-none-eabi/lib/armv7e-m/softfp\libc_nano.a
LOAD c:/davev4-64bit/dave-4.3.2/eclipse/arm-gcc-49/bin/../lib/gcc/arm-none-eabi/4.9.3/../../../../arm-none-eabi/lib/armv7e-m/softfp\libnosys.a
END GROUP
START GROUP
LOAD c:/davev4-64bit/dave-4.3.2/eclipse/arm-gcc-49/bin/../lib/gcc/arm-none-eabi/4.9.3/armv7e-m/softfp\libgcc.a
LOAD c:/davev4-64bit/dave-4.3.2/eclipse/arm-gcc-49/bin/../lib/gcc/arm-none-eabi/4.9.3/../../../../arm-none-eabi/lib/armv7e-m/softfp\libc_nano.a
LOAD c:/davev4-64bit/dave-4.3.2/eclipse/arm-gcc-49/bin/../lib/gcc/arm-none-eabi/4.9.3/../../../../arm-none-eabi/lib/armv7e-m/softfp\libnosys.a
END GROUP
                0x00000800                stack_size = DEFINED (stack_size)?stack_size:0x800
                0x00000040                no_init_size = 0x40

.text           0x08000000     0x207c load address 0x0c000000
                0x08000000                sText = .
 *(.reset)
 .reset         0x08000000      0x29c ./Startup/startup_XMC4700.o
                0x08000000                __Vectors
                0x08000200                Reset_Handler
                0x08000298                DSD0_7_IRQHandler
                0x08000298                DebugMon_Handler
                0x08000298                VADC0_C0_0_IRQHandler
                0x08000298                CAN0_4_IRQHandler
                0x08000298                VADC0_G2_0_IRQHandler
                0x08000298                USIC0_5_IRQHandler
                0x08000298                POSIF0_0_IRQHandler
                0x08000298                POSIF1_0_IRQHandler
                0x08000298                HardFault_Handler
                0x08000298                VADC0_G1_1_IRQHandler
                0x08000298                SysTick_Handler
                0x08000298                PendSV_Handler
                0x08000298                NMI_Handler
                0x08000298                USIC1_3_IRQHandler
                0x08000298                CCU40_2_IRQHandler
                0x08000298                SCU_0_IRQHandler
                0x08000298                ERU0_0_IRQHandler
                0x08000298                CCU41_0_IRQHandler
                0x08000298                USIC1_5_IRQHandler
                0x08000298                DSD0_4_IRQHandler
                0x08000298                CCU80_1_IRQHandler
                0x08000298                CCU81_0_IRQHandler
                0x08000298                UsageFault_Handler
                0x08000298                USIC0_0_IRQHandler
                0x08000298                POSIF1_1_IRQHandler
                0x08000298                ERU0_2_IRQHandler
                0x08000298                CCU81_1_IRQHandler
                0x08000298                ERU1_1_IRQHandler
                0x08000298                VADC0_G2_3_IRQHandler
                0x08000298                VADC0_G2_2_IRQHandler
                0x08000298                CCU42_3_IRQHandler
                0x08000298                ERU0_3_IRQHandler
                0x08000298                DSD0_5_IRQHandler
                0x08000298                VADC0_C0_3_IRQHandler
                0x08000298                CAN0_6_IRQHandler
                0x08000298                CCU43_0_IRQHandler
                0x08000298                VADC0_G0_1_IRQHandler
                0x08000298                CCU81_2_IRQHandler
                0x08000298                USIC2_4_IRQHandler
                0x08000298                CCU81_3_IRQHandler
                0x08000298                CCU42_1_IRQHandler
                0x08000298                USIC1_1_IRQHandler
                0x08000298                USIC2_5_IRQHandler
                0x08000298                CCU40_0_IRQHandler
                0x08000298                CAN0_0_IRQHandler
                0x08000298                ERU1_0_IRQHandler
                0x08000298                CCU42_2_IRQHandler
                0x08000298                Default_Handler
                0x08000298                USIC1_4_IRQHandler
                0x08000298                ERU1_3_IRQHandler
                0x08000298                USIC1_0_IRQHandler
                0x08000298                POSIF0_1_IRQHandler
                0x08000298                VADC0_G0_0_IRQHandler
                0x08000298                DSD0_2_IRQHandler
                0x08000298                CCU80_3_IRQHandler
                0x08000298                CCU41_3_IRQHandler
                0x08000298                CCU80_2_IRQHandler
                0x08000298                VADC0_G1_3_IRQHandler
                0x08000298                VADC0_G0_3_IRQHandler
                0x08000298                GPDMA0_0_IRQHandler
                0x08000298                PMU0_0_IRQHandler
                0x08000298                CAN0_7_IRQHandler
                0x08000298                DSD0_1_IRQHandler
                0x08000298                CCU41_2_IRQHandler
                0x08000298                VADC0_C0_1_IRQHandler
                0x08000298                CCU43_2_IRQHandler
                0x08000298                USIC2_2_IRQHandler
                0x08000298                MemManage_Handler
                0x08000298                VADC0_G3_1_IRQHandler
                0x08000298                DAC0_0_IRQHandler
                0x08000298                SVC_Handler
                0x08000298                VADC0_G3_3_IRQHandler
                0x08000298                ERU1_2_IRQHandler
                0x08000298                CCU41_1_IRQHandler
                0x08000298                DSD0_6_IRQHandler
                0x08000298                CCU43_1_IRQHandler
                0x08000298                VADC0_G1_2_IRQHandler
                0x08000298                USIC2_3_IRQHandler
                0x08000298                CAN0_2_IRQHandler
                0x08000298                USIC2_0_IRQHandler
                0x08000298                VADC0_G0_2_IRQHandler
                0x08000298                VADC0_G2_1_IRQHandler
                0x08000298                CAN0_3_IRQHandler
                0x08000298                ETH0_0_IRQHandler
                0x08000298                USIC0_3_IRQHandler
                0x08000298                DSD0_0_IRQHandler
                0x08000298                VADC0_C0_2_IRQHandler
                0x08000298                CCU42_0_IRQHandler
                0x08000298                FCE0_0_IRQHandler
                0x08000298                VADC0_G1_0_IRQHandler
                0x08000298                USB0_0_IRQHandler
                0x08000298                CAN0_5_IRQHandler
                0x08000298                CCU80_0_IRQHandler
                0x08000298                CCU40_1_IRQHandler
                0x08000298                USIC2_1_IRQHandler
                0x08000298                USIC0_1_IRQHandler
                0x08000298                VADC0_G3_2_IRQHandler
                0x08000298                CCU40_3_IRQHandler
                0x08000298                BusFault_Handler
                0x08000298                LEDTS0_0_IRQHandler
                0x08000298                USIC0_4_IRQHandler
                0x08000298                CCU43_3_IRQHandler
                0x08000298                ERU0_1_IRQHandler
                0x08000298                VADC0_G3_0_IRQHandler
                0x08000298                USIC1_2_IRQHandler
                0x08000298                DSD0_3_IRQHandler
                0x08000298                SDMMC0_0_IRQHandler
                0x08000298                CAN0_1_IRQHandler
                0x08000298                USIC0_2_IRQHandler
                0x08000298                DAC0_1_IRQHandler
                0x08000298                GPDMA1_0_IRQHandler
 *(.text .text.* .gnu.linkonce.t.*)
 .text.SystemInit
                0x0800029c       0x20 ./Startup/system_XMC4700.o
                0x0800029c                SystemInit
 .text.SystemCoreSetup
                0x080002bc       0x70 ./Startup/system_XMC4700.o
                0x080002bc                SystemCoreSetup
 .text.SystemCoreClockUpdate
                0x0800032c       0xd4 ./Startup/system_XMC4700.o
                0x0800032c                SystemCoreClockUpdate
 .text.XMC_GPIO_Init
                0x08000400      0x140 ./Libraries/XMCLib/src/xmc4_gpio.o
                0x08000400                XMC_GPIO_Init
 .text.XMC_SCU_GetMirrorStatus
                0x08000540       0x18 ./Libraries/XMCLib/src/xmc4_scu.o
 .text.XMC_SCU_lDelay
                0x08000558       0x44 ./Libraries/XMCLib/src/xmc4_scu.o
 .text.XMC_SCU_CLOCK_Init
                0x0800059c       0xec ./Libraries/XMCLib/src/xmc4_scu.o
                0x0800059c                XMC_SCU_CLOCK_Init
 .text.XMC_SCU_RESET_DeassertPeripheralReset
                0x08000688       0x38 ./Libraries/XMCLib/src/xmc4_scu.o
                0x08000688                XMC_SCU_RESET_DeassertPeripheralReset
 .text.XMC_SCU_CLOCK_SetSystemClockSource
                0x080006c0       0x28 ./Libraries/XMCLib/src/xmc4_scu.o
                0x080006c0                XMC_SCU_CLOCK_SetSystemClockSource
 .text.XMC_SCU_CLOCK_SetUsbClockSource
                0x080006e8       0x28 ./Libraries/XMCLib/src/xmc4_scu.o
                0x080006e8                XMC_SCU_CLOCK_SetUsbClockSource
 .text.XMC_SCU_CLOCK_SetWdtClockSource
                0x08000710       0x28 ./Libraries/XMCLib/src/xmc4_scu.o
                0x08000710                XMC_SCU_CLOCK_SetWdtClockSource
 .text.XMC_SCU_CLOCK_SetSystemPllClockSource
                0x08000738       0x40 ./Libraries/XMCLib/src/xmc4_scu.o
                0x08000738                XMC_SCU_CLOCK_SetSystemPllClockSource
 .text.XMC_SCU_HIB_SetRtcClockSource
                0x08000778       0x3c ./Libraries/XMCLib/src/xmc4_scu.o
                0x08000778                XMC_SCU_HIB_SetRtcClockSource
 .text.XMC_SCU_HIB_SetStandbyClockSource
                0x080007b4       0x3c ./Libraries/XMCLib/src/xmc4_scu.o
                0x080007b4                XMC_SCU_HIB_SetStandbyClockSource
 .text.XMC_SCU_CLOCK_SetSystemClockDivider
                0x080007f0       0x28 ./Libraries/XMCLib/src/xmc4_scu.o
                0x080007f0                XMC_SCU_CLOCK_SetSystemClockDivider
 .text.XMC_SCU_CLOCK_SetCcuClockDivider
                0x08000818       0x28 ./Libraries/XMCLib/src/xmc4_scu.o
                0x08000818                XMC_SCU_CLOCK_SetCcuClockDivider
 .text.XMC_SCU_CLOCK_SetCpuClockDivider
                0x08000840       0x28 ./Libraries/XMCLib/src/xmc4_scu.o
                0x08000840                XMC_SCU_CLOCK_SetCpuClockDivider
 .text.XMC_SCU_CLOCK_SetPeripheralClockDivider
                0x08000868       0x28 ./Libraries/XMCLib/src/xmc4_scu.o
                0x08000868                XMC_SCU_CLOCK_SetPeripheralClockDivider
 .text.XMC_SCU_CLOCK_SetUsbClockDivider
                0x08000890       0x28 ./Libraries/XMCLib/src/xmc4_scu.o
                0x08000890                XMC_SCU_CLOCK_SetUsbClockDivider
 .text.XMC_SCU_CLOCK_SetEbuClockDivider
                0x080008b8       0x28 ./Libraries/XMCLib/src/xmc4_scu.o
                0x080008b8                XMC_SCU_CLOCK_SetEbuClockDivider
 .text.XMC_SCU_CLOCK_SetWdtClockDivider
                0x080008e0       0x28 ./Libraries/XMCLib/src/xmc4_scu.o
                0x080008e0                XMC_SCU_CLOCK_SetWdtClockDivider
 .text.XMC_SCU_CLOCK_EnableClock
                0x08000908       0x20 ./Libraries/XMCLib/src/xmc4_scu.o
                0x08000908                XMC_SCU_CLOCK_EnableClock
 .text.XMC_SCU_CLOCK_UngatePeripheralClock
                0x08000928       0x38 ./Libraries/XMCLib/src/xmc4_scu.o
                0x08000928                XMC_SCU_CLOCK_UngatePeripheralClock
 .text.XMC_SCU_CLOCK_StartUsbPll
                0x08000960       0x74 ./Libraries/XMCLib/src/xmc4_scu.o
                0x08000960                XMC_SCU_CLOCK_StartUsbPll
 .text.XMC_SCU_CLOCK_SetBackupClockCalibrationMode
                0x080009d4       0x4c ./Libraries/XMCLib/src/xmc4_scu.o
                0x080009d4                XMC_SCU_CLOCK_SetBackupClockCalibrationMode
 .text.XMC_SCU_HIB_EnableHibernateDomain
                0x08000a20       0x58 ./Libraries/XMCLib/src/xmc4_scu.o
                0x08000a20                XMC_SCU_HIB_EnableHibernateDomain
 .text.XMC_SCU_CLOCK_IsLowPowerOscillatorStable
                0x08000a78       0x24 ./Libraries/XMCLib/src/xmc4_scu.o
                0x08000a78                XMC_SCU_CLOCK_IsLowPowerOscillatorStable
 .text.XMC_SCU_CLOCK_EnableLowPowerOscillator
                0x08000a9c       0x68 ./Libraries/XMCLib/src/xmc4_scu.o
                0x08000a9c                XMC_SCU_CLOCK_EnableLowPowerOscillator
 .text.XMC_SCU_CLOCK_EnableHighPerformanceOscillator
                0x08000b04       0x50 ./Libraries/XMCLib/src/xmc4_scu.o
                0x08000b04                XMC_SCU_CLOCK_EnableHighPerformanceOscillator
 .text.XMC_SCU_CLOCK_IsHighPerformanceOscillatorStable
                0x08000b54       0x28 ./Libraries/XMCLib/src/xmc4_scu.o
                0x08000b54                XMC_SCU_CLOCK_IsHighPerformanceOscillatorStable
 .text.XMC_SCU_CLOCK_EnableSystemPll
                0x08000b7c       0x20 ./Libraries/XMCLib/src/xmc4_scu.o
                0x08000b7c                XMC_SCU_CLOCK_EnableSystemPll
 .text.XMC_SCU_CLOCK_DisableSystemPll
                0x08000b9c       0x20 ./Libraries/XMCLib/src/xmc4_scu.o
                0x08000b9c                XMC_SCU_CLOCK_DisableSystemPll
 .text.XMC_SCU_CLOCK_StartSystemPll
                0x08000bbc      0x174 ./Libraries/XMCLib/src/xmc4_scu.o
                0x08000bbc                XMC_SCU_CLOCK_StartSystemPll
 .text.XMC_SCU_CLOCK_StepSystemPllFrequency
                0x08000d30       0x2c ./Libraries/XMCLib/src/xmc4_scu.o
                0x08000d30                XMC_SCU_CLOCK_StepSystemPllFrequency
 .text.XMC_CCU8_StartPrescaler
                0x08000d5c       0x20 ./Libraries/XMCLib/src/xmc_ccu8.o
 .text.XMC_CCU8_SLICE_StopTimer
                0x08000d7c       0x18 ./Libraries/XMCLib/src/xmc_ccu8.o
 .text.XMC_CCU8_lDeassertReset
                0x08000d94       0x38 ./Libraries/XMCLib/src/xmc_ccu8.o
 .text.XMC_CCU8_lUngateClock
                0x08000dcc       0x38 ./Libraries/XMCLib/src/xmc_ccu8.o
 .text.XMC_CCU8_EnableModule
                0x08000e04       0x20 ./Libraries/XMCLib/src/xmc_ccu8.o
                0x08000e04                XMC_CCU8_EnableModule
 .text.XMC_CCU8_Init
                0x08000e24       0x3c ./Libraries/XMCLib/src/xmc_ccu8.o
                0x08000e24                XMC_CCU8_Init
 .text.XMC_CCU8_SLICE_CompareInit
                0x08000e60       0x74 ./Libraries/XMCLib/src/xmc_ccu8.o
                0x08000e60                XMC_CCU8_SLICE_CompareInit
 .text.XMC_CCU8_SetMultiChannelShadowTransferMode
                0x08000ed4       0x38 ./Libraries/XMCLib/src/xmc_ccu8.o
                0x08000ed4                XMC_CCU8_SetMultiChannelShadowTransferMode
 .text.XMC_CCU8_SLICE_StartConfig
                0x08000f0c       0x5c ./Libraries/XMCLib/src/xmc_ccu8.o
                0x08000f0c                XMC_CCU8_SLICE_StartConfig
 .text.XMC_CCU8_SLICE_StopConfig
                0x08000f68       0x58 ./Libraries/XMCLib/src/xmc_ccu8.o
                0x08000f68                XMC_CCU8_SLICE_StopConfig
 .text.XMC_CCU8_SLICE_LoadConfig
                0x08000fc0       0x34 ./Libraries/XMCLib/src/xmc_ccu8.o
                0x08000fc0                XMC_CCU8_SLICE_LoadConfig
 .text.XMC_CCU8_SLICE_LoadSelector
                0x08000ff4       0x34 ./Libraries/XMCLib/src/xmc_ccu8.o
                0x08000ff4                XMC_CCU8_SLICE_LoadSelector
 .text.XMC_CCU8_SLICE_ModulationConfig
                0x08001028       0x90 ./Libraries/XMCLib/src/xmc_ccu8.o
                0x08001028                XMC_CCU8_SLICE_ModulationConfig
 .text.XMC_CCU8_SLICE_CountConfig
                0x080010b8       0x34 ./Libraries/XMCLib/src/xmc_ccu8.o
                0x080010b8                XMC_CCU8_SLICE_CountConfig
 .text.XMC_CCU8_SLICE_GateConfig
                0x080010ec       0x34 ./Libraries/XMCLib/src/xmc_ccu8.o
                0x080010ec                XMC_CCU8_SLICE_GateConfig
 .text.XMC_CCU8_SLICE_DirectionConfig
                0x08001120       0x34 ./Libraries/XMCLib/src/xmc_ccu8.o
                0x08001120                XMC_CCU8_SLICE_DirectionConfig
 .text.XMC_CCU8_SLICE_StatusBitOverrideConfig
                0x08001154       0x30 ./Libraries/XMCLib/src/xmc_ccu8.o
                0x08001154                XMC_CCU8_SLICE_StatusBitOverrideConfig
 .text.XMC_CCU8_SLICE_TrapConfig
                0x08001184       0x74 ./Libraries/XMCLib/src/xmc_ccu8.o
                0x08001184                XMC_CCU8_SLICE_TrapConfig
 .text.XMC_CCU8_SLICE_ConfigureStatusBitOverrideEvent
                0x080011f8       0xc4 ./Libraries/XMCLib/src/xmc_ccu8.o
                0x080011f8                XMC_CCU8_SLICE_ConfigureStatusBitOverrideEvent
 .text.XMC_CCU8_SLICE_ConfigureEvent
                0x080012bc       0xd4 ./Libraries/XMCLib/src/xmc_ccu8.o
                0x080012bc                XMC_CCU8_SLICE_ConfigureEvent
 .text.XMC_CCU8_SLICE_SetTimerPeriodMatch
                0x08001390       0x1c ./Libraries/XMCLib/src/xmc_ccu8.o
                0x08001390                XMC_CCU8_SLICE_SetTimerPeriodMatch
 .text.XMC_CCU8_SLICE_SetTimerCompareMatch
                0x080013ac       0x30 ./Libraries/XMCLib/src/xmc_ccu8.o
                0x080013ac                XMC_CCU8_SLICE_SetTimerCompareMatch
 .text.XMC_CCU8_SLICE_SetInterruptNode
                0x080013dc       0xb8 ./Libraries/XMCLib/src/xmc_ccu8.o
                0x080013dc                XMC_CCU8_SLICE_SetInterruptNode
 .text.XMC_CCU8_SLICE_DeadTimeInit
                0x08001494       0x2c ./Libraries/XMCLib/src/xmc_ccu8.o
                0x08001494                XMC_CCU8_SLICE_DeadTimeInit
 .text.XMC_GPIO_SetHardwareControl
                0x080014c0       0x44 ./Libraries/XMCLib/src/xmc_gpio.o
                0x080014c0                XMC_GPIO_SetHardwareControl
 .text._init    0x08001504        0xc ./Libraries/Newlib/syscalls.o
                0x08001504                _init
 .text.XMC_CCU8_EnableClock
                0x08001510       0x28 ./Dave/Generated/PWM_CCU8/pwm_ccu8.o
 .text.XMC_CCU8_SLICE_EnableTrap
                0x08001538       0x24 ./Dave/Generated/PWM_CCU8/pwm_ccu8.o
 .text.XMC_CCU8_SLICE_StartTimer
                0x0800155c       0x18 ./Dave/Generated/PWM_CCU8/pwm_ccu8.o
 .text.XMC_CCU8_SLICE_GetTimerPeriodMatch
                0x08001574       0x1c ./Dave/Generated/PWM_CCU8/pwm_ccu8.o
 .text.XMC_CCU8_EnableShadowTransfer
                0x08001590       0x1c ./Dave/Generated/PWM_CCU8/pwm_ccu8.o
 .text.XMC_CCU8_SLICE_EnableEvent
                0x080015ac       0x2c ./Dave/Generated/PWM_CCU8/pwm_ccu8.o
 .text.XMC_CCU8_SLICE_SetShadowTransferMode
                0x080015d8       0x30 ./Dave/Generated/PWM_CCU8/pwm_ccu8.o
 .text.PWM_CCU8_Init
                0x08001608      0x170 ./Dave/Generated/PWM_CCU8/pwm_ccu8.o
                0x08001608                PWM_CCU8_Init
 .text.PWM_CCU8_lInit_Interrupt
                0x08001778      0x188 ./Dave/Generated/PWM_CCU8/pwm_ccu8.o
 .text.PWM_CCU8_lInit_GPIO
                0x08001900       0xbc ./Dave/Generated/PWM_CCU8/pwm_ccu8.o
 .text.PWM_CCU8_lConfigure_Events
                0x080019bc      0x1e0 ./Dave/Generated/PWM_CCU8/pwm_ccu8.o
 .text.PWM_CCU8_Start
                0x08001b9c       0x58 ./Dave/Generated/PWM_CCU8/pwm_ccu8.o
                0x08001b9c                PWM_CCU8_Start
 .text.PWM_CCU8_SetDutyCycleSymmetric
                0x08001bf4       0x98 ./Dave/Generated/PWM_CCU8/pwm_ccu8.o
                0x08001bf4                PWM_CCU8_SetDutyCycleSymmetric
 .text.XMC_CCU8_StartPrescaler
                0x08001c8c       0x20 ./Dave/Generated/GLOBAL_CCU8/global_ccu8.o
 .text.GLOBAL_CCU8_Init
                0x08001cac       0x40 ./Dave/Generated/GLOBAL_CCU8/global_ccu8.o
                0x08001cac                GLOBAL_CCU8_Init
 .text.DIGITAL_IO_Init
                0x08001cec       0x40 ./Dave/Generated/DIGITAL_IO/digital_io.o
                0x08001cec                DIGITAL_IO_Init
 .text.CLOCK_XMC4_Init
                0x08001d2c       0x20 ./Dave/Generated/CLOCK_XMC4/clock_xmc4.o
                0x08001d2c                CLOCK_XMC4_Init
 .text.OSCHP_GetFrequency
                0x08001d4c       0x14 ./Dave/Generated/CLOCK_XMC4/clock_xmc4.o
                0x08001d4c                OSCHP_GetFrequency
 .text.SystemCoreClockSetup
                0x08001d60       0x54 ./Dave/Generated/CLOCK_XMC4/clock_xmc4_conf.o
                0x08001d60                SystemCoreClockSetup
 .text.DAVE_Init
                0x08001db4       0x60 ./Dave/Generated/DAVE.o
                0x08001db4                DAVE_Init
 .text.XMC_GPIO_SetOutputHigh
                0x08001e14       0x20 ./main.o
 .text.XMC_GPIO_SetOutputLow
                0x08001e34       0x24 ./main.o
 .text.XMC_GPIO_GetInput
                0x08001e58       0x28 ./main.o
 .text.main     0x08001e80       0xa4 ./main.o
                0x08001e80                main
 .text.__libc_init_array
                0x08001f24       0x4c c:/davev4-64bit/dave-4.3.2/eclipse/arm-gcc-49/bin/../lib/gcc/arm-none-eabi/4.9.3/../../../../arm-none-eabi/lib/armv7e-m/softfp\libg_nano.a(lib_a-init.o)
                0x08001f24                __libc_init_array
 *(.init)
 *(.fini)
 *crtbegin.o(.ctors)
 *crtbegin?.o(.ctors)
 *(EXCLUDE_FILE(*crtend.o *crtend?.o) .ctors)
 *(SORT(.ctors.*))
 *(.ctors)
 *crtbegin.o(.dtors)
 *crtbegin?.o(.dtors)
 *(EXCLUDE_FILE(*crtend.o *crtend?.o) .dtors)
 *(SORT(.dtors.*))
 *(.dtors)
 *(.rodata .rodata.*)
 .rodata.PWM_CCU8_0_timer_handle
                0x08001f70       0x10 ./Dave/Generated/PWM_CCU8/pwm_ccu8_conf.o
                0x08001f70                PWM_CCU8_0_timer_handle
 .rodata.PWM_CCU8_0_event0_config
                0x08001f80        0x4 ./Dave/Generated/PWM_CCU8/pwm_ccu8_conf.o
                0x08001f80                PWM_CCU8_0_event0_config
 .rodata.PWM_CCU8_0_event1_config
                0x08001f84        0x4 ./Dave/Generated/PWM_CCU8/pwm_ccu8_conf.o
                0x08001f84                PWM_CCU8_0_event1_config
 .rodata.PWM_CCU8_0_event2_config
                0x08001f88        0x4 ./Dave/Generated/PWM_CCU8/pwm_ccu8_conf.o
                0x08001f88                PWM_CCU8_0_event2_config
 .rodata.PWM_CCU8_0_dt_config
                0x08001f8c        0xc ./Dave/Generated/PWM_CCU8/pwm_ccu8_conf.o
                0x08001f8c                PWM_CCU8_0_dt_config
 .rodata.PWM_CCU8_0_ch1_out0_config
                0x08001f98        0xc ./Dave/Generated/PWM_CCU8/pwm_ccu8_conf.o
                0x08001f98                PWM_CCU8_0_ch1_out0_config
 .rodata.PWM_CCU8_0_ch1_out1_config
                0x08001fa4        0xc ./Dave/Generated/PWM_CCU8/pwm_ccu8_conf.o
                0x08001fa4                PWM_CCU8_0_ch1_out1_config
 .rodata.PWM_CCU8_0_config_handle
                0x08001fb0       0x90 ./Dave/Generated/PWM_CCU8/pwm_ccu8_conf.o
                0x08001fb0                PWM_CCU8_0_config_handle
 .rodata.in_trap
                0x08002040       0x14 ./Dave/Generated/DIGITAL_IO/digital_io_conf.o
                0x08002040                in_trap
 .rodata.button1
                0x08002054       0x14 ./Dave/Generated/DIGITAL_IO/digital_io_conf.o
                0x08002054                button1
 .rodata        0x08002068       0x14 ./Dave/Generated/CLOCK_XMC4/clock_xmc4_conf.o
 *(.gnu.linkonce.r*)
 *(vtable)
                0x0800207c                . = ALIGN (0x4)

.glue_7         0x0800207c        0x0 load address 0x0c00207c
 .glue_7        0x00000000        0x0 linker stubs

.glue_7t        0x0800207c        0x0 load address 0x0c00207c
 .glue_7t       0x00000000        0x0 linker stubs

.vfp11_veneer   0x0800207c        0x0 load address 0x0c00207c
 .vfp11_veneer  0x00000000        0x0 linker stubs

.v4_bx          0x0800207c        0x0 load address 0x0c00207c
 .v4_bx         0x00000000        0x0 linker stubs

.iplt           0x0800207c        0x0 load address 0x0c00207c
 .iplt          0x00000000        0x0 ./Startup/startup_XMC4700.o

.rel.dyn        0x0800207c        0x0 load address 0x0c00207c
 .rel.iplt      0x00000000        0x0 ./Startup/startup_XMC4700.o

.eh_frame_hdr
 *(.eh_frame_hdr)

.eh_frame
 *(.eh_frame)

.ARM.extab
 *(.ARM.extab* .gnu.linkonce.armextab.*)
                0x0800207c                . = ALIGN (0x4)
                0x0800207c                __exidx_start = .

.ARM.exidx
 *(.ARM.exidx* .gnu.linkonce.armexidx.*)
                0x0800207c                __exidx_end = .
                0x0800207c                . = ALIGN (0x4)

Stack           0x1ffe8000      0x800
                0x1ffe8000                __stack_start = .
                0x1ffe8800                . = (. + stack_size)
 *fill*         0x1ffe8000      0x800 
                0x1ffe8800                __stack_end = .
                0x1ffe8800                __initial_sp = .

.ram_code       0x1ffe8800        0x0 load address 0x0c00207c
                0x1ffe8800                . = ALIGN (0x4)
                0x1ffe8800                __ram_code_start = .
 *(.ram_code)
                0x1ffe8800                . = ALIGN (0x4)
                0x1ffe8800                __ram_code_end = .
                0x0c00207c                __ram_code_load = LOADADDR (.ram_code)
                0x00000000                __ram_code_size = (__ram_code_end - __ram_code_start)

.data           0x1ffe8800       0x48 load address 0x0c00207c
                0x1ffe8800                . = ALIGN (0x4)
                0x1ffe8800                __data_start = .
 *(.data)
 *(.data*)
 .data.PWM_CCU8_0
                0x1ffe8800       0x34 ./Dave/Generated/PWM_CCU8/pwm_ccu8_conf.o
                0x1ffe8800                PWM_CCU8_0
 .data.GLOBAL_CCU8_0
                0x1ffe8834       0x10 ./Dave/Generated/GLOBAL_CCU8/global_ccu8_conf.o
                0x1ffe8834                GLOBAL_CCU8_0
 .data.g_duty   0x1ffe8844        0x4 ./main.o
                0x1ffe8844                g_duty
 *(*.data)
 *(.gnu.linkonce.d*)
                0x1ffe8848                . = ALIGN (0x4)
                0x1ffe8848                PROVIDE (__preinit_array_start, .)
 *(.preinit_array)
                0x1ffe8848                PROVIDE (__preinit_array_end, .)
                0x1ffe8848                . = ALIGN (0x4)
                0x1ffe8848                PROVIDE (__init_array_start, .)
 *(SORT(.init_array.*))
 *(.init_array)
                0x1ffe8848                PROVIDE (__init_array_end, .)
                0x1ffe8848                . = ALIGN (0x4)
                0x1ffe8848                PROVIDE (__fini_array_start, .)
 *(SORT(.fini_array.*))
 *(.fini_array)
                0x1ffe8848                PROVIDE (__fini_array_end, .)
                0x1ffe8848                . = ALIGN (0x4)
                0x1ffe8848                __data_end = .
                0x0c00207c                __data_load = LOADADDR (.data)
                0x00000048                __data_size = (__data_end - __data_start)
                0x000020c4                __text_size = (((__exidx_end - sText) + __data_size) + __ram_code_size)
                0x080020c4                eText = (sText + __text_size)

.igot.plt       0x1ffe8848        0x0 load address 0x0c0020c4
 .igot.plt      0x00000000        0x0 ./Startup/startup_XMC4700.o

.bss            0x1ffe8848        0x4 load address 0x0c0020c4
                0x1ffe8848                . = ALIGN (0x4)
                0x1ffe8848                __bss_start = .
 *(.bss)
 *(.bss*)
 .bss.CLOCK_XMC4_0
                0x1ffe8848        0x4 ./Dave/Generated/CLOCK_XMC4/clock_xmc4_conf.o
                0x1ffe8848                CLOCK_XMC4_0
 *(COMMON)
 *(.gnu.linkonce.b*)
                0x1ffe884c                . = ALIGN (0x4)
                0x1ffe884c                __bss_end = .
                0x00000004                __bss_size = (__bss_end - __bss_start)
                0x000177b4                __shift_loc = (__bss_end >= ORIGIN (DSRAM_1_system))?0x0:(ORIGIN (DSRAM_1_system) - __bss_end)

USB_RAM         0x20000000        0x0
                0x20000000                . = ALIGN (0x4)
                0x20000000                USB_RAM_start = .
 *(USB_RAM)
                0x20000000                . = ALIGN (0x4)
                0x20000000                USB_RAM_end = .
                0x00000000                USB_RAM_size = (USB_RAM_end - USB_RAM_start)

ETH_RAM         0x20000000        0x0
                0x20000000                . = ALIGN (0x4)
                0x20000000                ETH_RAM_start = .
 *(ETH_RAM)
                0x20000000                . = ALIGN (0x4)
                0x20000000                ETH_RAM_end = .
                0x20000000                . = ALIGN (0x8)
                0x20000000                Heap_Bank1_Start = .
                0x00000000                ETH_RAM_size = (ETH_RAM_end - ETH_RAM_start)

.no_init        0x2003ffc0       0x14
                0x2003ffc0                Heap_Bank1_End = .
 *(.no_init)
 .no_init       0x2003ffc0       0x14 ./Startup/system_XMC4700.o
                0x2003ffc0                SystemCoreClock
                0x2003ffc4                g_chipid
                0x0003ffc0                Heap_Bank1_Size = (Heap_Bank1_End - Heap_Bank1_Start)
                0x00000001                ASSERT ((Heap_Bank1_Start <= Heap_Bank1_End), region SRAM_combined overflowed no_init section)

/DISCARD/
 *(.comment)

.stab
 *(.stab)

.stabstr
 *(.stabstr)

.debug
 *(.debug)

.line
 *(.line)

.debug_srcinfo
 *(.debug_srcinfo)

.debug_sfnames
 *(.debug_sfnames)

.debug_aranges  0x00000000      0x8c0
 *(.debug_aranges)
 .debug_aranges
                0x00000000       0x20 ./Startup/startup_XMC4700.o
 .debug_aranges
                0x00000020       0x48 ./Startup/system_XMC4700.o
 .debug_aranges
                0x00000068       0x28 ./Libraries/XMCLib/src/xmc4_gpio.o
 .debug_aranges
                0x00000090      0x3e0 ./Libraries/XMCLib/src/xmc4_scu.o
 .debug_aranges
                0x00000470      0x190 ./Libraries/XMCLib/src/xmc_ccu8.o
 .debug_aranges
                0x00000600       0x28 ./Libraries/XMCLib/src/xmc_gpio.o
 .debug_aranges
                0x00000628       0x28 ./Libraries/Newlib/syscalls.o
 .debug_aranges
                0x00000650      0x120 ./Dave/Generated/PWM_CCU8/pwm_ccu8.o
 .debug_aranges
                0x00000770       0x18 ./Dave/Generated/PWM_CCU8/pwm_ccu8_conf.o
 .debug_aranges
                0x00000788       0x30 ./Dave/Generated/GLOBAL_CCU8/global_ccu8.o
 .debug_aranges
                0x000007b8       0x18 ./Dave/Generated/GLOBAL_CCU8/global_ccu8_conf.o
 .debug_aranges
                0x000007d0       0x28 ./Dave/Generated/DIGITAL_IO/digital_io.o
 .debug_aranges
                0x000007f8       0x18 ./Dave/Generated/DIGITAL_IO/digital_io_conf.o
 .debug_aranges
                0x00000810       0x38 ./Dave/Generated/CLOCK_XMC4/clock_xmc4.o
 .debug_aranges
                0x00000848       0x20 ./Dave/Generated/CLOCK_XMC4/clock_xmc4_conf.o
 .debug_aranges
                0x00000868       0x20 ./Dave/Generated/DAVE.o
 .debug_aranges
                0x00000888       0x38 ./main.o

.debug_pubnames
 *(.debug_pubnames)

.debug_pubtypes
 *(.debug_pubtypes)

.debug_info     0x00000000     0xc55c
 *(.debug_info .gnu.linkonce.wi.*)
 .debug_info    0x00000000       0x77 ./Startup/startup_XMC4700.o
 .debug_info    0x00000077      0x923 ./Startup/system_XMC4700.o
 .debug_info    0x0000099a      0x422 ./Libraries/XMCLib/src/xmc4_gpio.o
 .debug_info    0x00000dbc     0x236e ./Libraries/XMCLib/src/xmc4_scu.o
 .debug_info    0x0000312a     0x1e06 ./Libraries/XMCLib/src/xmc_ccu8.o
 .debug_info    0x00004f30      0x39d ./Libraries/XMCLib/src/xmc_gpio.o
 .debug_info    0x000052cd      0x11f ./Libraries/Newlib/syscalls.o
 .debug_info    0x000053ec     0x1e6a ./Dave/Generated/PWM_CCU8/pwm_ccu8.o
 .debug_info    0x00007256     0x1512 ./Dave/Generated/PWM_CCU8/pwm_ccu8_conf.o
 .debug_info    0x00008768      0x395 ./Dave/Generated/GLOBAL_CCU8/global_ccu8.o
 .debug_info    0x00008afd      0x295 ./Dave/Generated/GLOBAL_CCU8/global_ccu8_conf.o
 .debug_info    0x00008d92      0x4dc ./Dave/Generated/DIGITAL_IO/digital_io.o
 .debug_info    0x0000926e      0x429 ./Dave/Generated/DIGITAL_IO/digital_io_conf.o
 .debug_info    0x00009697      0x224 ./Dave/Generated/CLOCK_XMC4/clock_xmc4.o
 .debug_info    0x000098bb      0x385 ./Dave/Generated/CLOCK_XMC4/clock_xmc4_conf.o
 .debug_info    0x00009c40     0x1490 ./Dave/Generated/DAVE.o
 .debug_info    0x0000b0d0     0x148c ./main.o

.debug_abbrev   0x00000000     0x17e3
 *(.debug_abbrev)
 .debug_abbrev  0x00000000       0x14 ./Startup/startup_XMC4700.o
 .debug_abbrev  0x00000014      0x1a1 ./Startup/system_XMC4700.o
 .debug_abbrev  0x000001b5      0x11b ./Libraries/XMCLib/src/xmc4_gpio.o
 .debug_abbrev  0x000002d0      0x289 ./Libraries/XMCLib/src/xmc4_scu.o
 .debug_abbrev  0x00000559      0x21e ./Libraries/XMCLib/src/xmc_ccu8.o
 .debug_abbrev  0x00000777      0x10c ./Libraries/XMCLib/src/xmc_gpio.o
 .debug_abbrev  0x00000883       0xbd ./Libraries/Newlib/syscalls.o
 .debug_abbrev  0x00000940      0x28c ./Dave/Generated/PWM_CCU8/pwm_ccu8.o
 .debug_abbrev  0x00000bcc      0x19c ./Dave/Generated/PWM_CCU8/pwm_ccu8_conf.o
 .debug_abbrev  0x00000d68      0x16f ./Dave/Generated/GLOBAL_CCU8/global_ccu8.o
 .debug_abbrev  0x00000ed7       0xfd ./Dave/Generated/GLOBAL_CCU8/global_ccu8_conf.o
 .debug_abbrev  0x00000fd4      0x148 ./Dave/Generated/DIGITAL_IO/digital_io.o
 .debug_abbrev  0x0000111c       0xfd ./Dave/Generated/DIGITAL_IO/digital_io_conf.o
 .debug_abbrev  0x00001219      0x10f ./Dave/Generated/CLOCK_XMC4/clock_xmc4.o
 .debug_abbrev  0x00001328      0x104 ./Dave/Generated/CLOCK_XMC4/clock_xmc4_conf.o
 .debug_abbrev  0x0000142c      0x1ab ./Dave/Generated/DAVE.o
 .debug_abbrev  0x000015d7      0x20c ./main.o

.debug_line     0x00000000     0x39d8
 *(.debug_line)
 .debug_line    0x00000000       0x87 ./Startup/startup_XMC4700.o
 .debug_line    0x00000087      0x2b5 ./Startup/system_XMC4700.o
 .debug_line    0x0000033c      0x1dd ./Libraries/XMCLib/src/xmc4_gpio.o
 .debug_line    0x00000519      0xda8 ./Libraries/XMCLib/src/xmc4_scu.o
 .debug_line    0x000012c1      0x6be ./Libraries/XMCLib/src/xmc_ccu8.o
 .debug_line    0x0000197f      0x1cb ./Libraries/XMCLib/src/xmc_gpio.o
 .debug_line    0x00001b4a       0xbd ./Libraries/Newlib/syscalls.o
 .debug_line    0x00001c07      0x6cd ./Dave/Generated/PWM_CCU8/pwm_ccu8.o
 .debug_line    0x000022d4      0x2a5 ./Dave/Generated/PWM_CCU8/pwm_ccu8_conf.o
 .debug_line    0x00002579      0x2c7 ./Dave/Generated/GLOBAL_CCU8/global_ccu8.o
 .debug_line    0x00002840      0x23e ./Dave/Generated/GLOBAL_CCU8/global_ccu8_conf.o
 .debug_line    0x00002a7e      0x230 ./Dave/Generated/DIGITAL_IO/digital_io.o
 .debug_line    0x00002cae      0x1bf ./Dave/Generated/DIGITAL_IO/digital_io_conf.o
 .debug_line    0x00002e6d      0x266 ./Dave/Generated/CLOCK_XMC4/clock_xmc4.o
 .debug_line    0x000030d3      0x23c ./Dave/Generated/CLOCK_XMC4/clock_xmc4_conf.o
 .debug_line    0x0000330f      0x34a ./Dave/Generated/DAVE.o
 .debug_line    0x00003659      0x37f ./main.o

.debug_frame    0x00000000     0x23bc
 *(.debug_frame)
 .debug_frame   0x00000000       0xec ./Startup/system_XMC4700.o
 .debug_frame   0x000000ec       0x60 ./Libraries/XMCLib/src/xmc4_gpio.o
 .debug_frame   0x0000014c     0x1238 ./Libraries/XMCLib/src/xmc4_scu.o
 .debug_frame   0x00001384      0x768 ./Libraries/XMCLib/src/xmc_ccu8.o
 .debug_frame   0x00001aec       0x60 ./Libraries/XMCLib/src/xmc_gpio.o
 .debug_frame   0x00001b4c       0x5c ./Libraries/Newlib/syscalls.o
 .debug_frame   0x00001ba8      0x538 ./Dave/Generated/PWM_CCU8/pwm_ccu8.o
 .debug_frame   0x000020e0       0x88 ./Dave/Generated/GLOBAL_CCU8/global_ccu8.o
 .debug_frame   0x00002168       0x60 ./Dave/Generated/DIGITAL_IO/digital_io.o
 .debug_frame   0x000021c8       0xac ./Dave/Generated/CLOCK_XMC4/clock_xmc4.o
 .debug_frame   0x00002274       0x3c ./Dave/Generated/CLOCK_XMC4/clock_xmc4_conf.o
 .debug_frame   0x000022b0       0x38 ./Dave/Generated/DAVE.o
 .debug_frame   0x000022e8       0xa8 ./main.o
 .debug_frame   0x00002390       0x2c c:/davev4-64bit/dave-4.3.2/eclipse/arm-gcc-49/bin/../lib/gcc/arm-none-eabi/4.9.3/../../../../arm-none-eabi/lib/armv7e-m/softfp\libg_nano.a(lib_a-init.o)

.debug_str      0x00000000     0x618e
 *(.debug_str)
 .debug_str     0x00000000      0x53e ./Startup/system_XMC4700.o
                                0x5aa (size before relaxing)
 .debug_str     0x0000053e      0x544 ./Libraries/XMCLib/src/xmc4_gpio.o
                                0x75e (size before relaxing)
 .debug_str     0x00000a82     0x239b ./Libraries/XMCLib/src/xmc4_scu.o
                               0x2856 (size before relaxing)
 .debug_str     0x00002e1d     0x1c44 ./Libraries/XMCLib/src/xmc_ccu8.o
                               0x258f (size before relaxing)
 .debug_str     0x00004a61       0xca ./Libraries/XMCLib/src/xmc_gpio.o
                                0x60c (size before relaxing)
 .debug_str     0x00004b2b       0x6f ./Libraries/Newlib/syscalls.o
                                0x212 (size before relaxing)
 .debug_str     0x00004b9a      0xefb ./Dave/Generated/PWM_CCU8/pwm_ccu8.o
                               0x25a4 (size before relaxing)
 .debug_str     0x00005a95      0x35b ./Dave/Generated/PWM_CCU8/pwm_ccu8_conf.o
                               0x225b (size before relaxing)
 .debug_str     0x00005df0       0x57 ./Dave/Generated/GLOBAL_CCU8/global_ccu8.o
                                0x562 (size before relaxing)
 .debug_str     0x00005e47       0x31 ./Dave/Generated/GLOBAL_CCU8/global_ccu8_conf.o
                                0x476 (size before relaxing)
 .debug_str     0x00005e78       0xdf ./Dave/Generated/DIGITAL_IO/digital_io.o
                                0x89b (size before relaxing)
 .debug_str     0x00005f57       0x3f ./Dave/Generated/DIGITAL_IO/digital_io_conf.o
                                0x7ec (size before relaxing)
 .debug_str     0x00005f96       0xf3 ./Dave/Generated/CLOCK_XMC4/clock_xmc4.o
                                0x34f (size before relaxing)
 .debug_str     0x00006089       0x50 ./Dave/Generated/CLOCK_XMC4/clock_xmc4_conf.o
                                0x72f (size before relaxing)
 .debug_str     0x000060d9       0x65 ./Dave/Generated/DAVE.o
                               0x1e1f (size before relaxing)
 .debug_str     0x0000613e       0x50 ./main.o
                               0x1d71 (size before relaxing)

.debug_loc      0x00000000     0x4a10
 *(.debug_loc)
 .debug_loc     0x00000000      0x1a4 ./Startup/system_XMC4700.o
 .debug_loc     0x000001a4       0xb8 ./Libraries/XMCLib/src/xmc4_gpio.o
 .debug_loc     0x0000025c     0x2618 ./Libraries/XMCLib/src/xmc4_scu.o
 .debug_loc     0x00002874     0x106c ./Libraries/XMCLib/src/xmc_ccu8.o
 .debug_loc     0x000038e0       0xb8 ./Libraries/XMCLib/src/xmc_gpio.o
 .debug_loc     0x00003998       0x94 ./Libraries/Newlib/syscalls.o
 .debug_loc     0x00003a2c      0xaf8 ./Dave/Generated/PWM_CCU8/pwm_ccu8.o
 .debug_loc     0x00004524      0x108 ./Dave/Generated/GLOBAL_CCU8/global_ccu8.o
 .debug_loc     0x0000462c       0xac ./Dave/Generated/DIGITAL_IO/digital_io.o
 .debug_loc     0x000046d8      0x14c ./Dave/Generated/CLOCK_XMC4/clock_xmc4.o
 .debug_loc     0x00004824       0x50 ./Dave/Generated/CLOCK_XMC4/clock_xmc4_conf.o
 .debug_loc     0x00004874       0x50 ./Dave/Generated/DAVE.o
 .debug_loc     0x000048c4      0x14c ./main.o

.debug_macinfo
 *(.debug_macinfo)

.debug_ranges   0x00000000      0x788
 *(.debug_ranges)
 .debug_ranges  0x00000000       0x38 ./Startup/system_XMC4700.o
 .debug_ranges  0x00000038       0x18 ./Libraries/XMCLib/src/xmc4_gpio.o
 .debug_ranges  0x00000050      0x3d0 ./Libraries/XMCLib/src/xmc4_scu.o
 .debug_ranges  0x00000420      0x180 ./Libraries/XMCLib/src/xmc_ccu8.o
 .debug_ranges  0x000005a0       0x18 ./Libraries/XMCLib/src/xmc_gpio.o
 .debug_ranges  0x000005b8       0x18 ./Libraries/Newlib/syscalls.o
 .debug_ranges  0x000005d0      0x110 ./Dave/Generated/PWM_CCU8/pwm_ccu8.o
 .debug_ranges  0x000006e0       0x20 ./Dave/Generated/GLOBAL_CCU8/global_ccu8.o
 .debug_ranges  0x00000700       0x18 ./Dave/Generated/DIGITAL_IO/digital_io.o
 .debug_ranges  0x00000718       0x28 ./Dave/Generated/CLOCK_XMC4/clock_xmc4.o
 .debug_ranges  0x00000740       0x10 ./Dave/Generated/CLOCK_XMC4/clock_xmc4_conf.o
 .debug_ranges  0x00000750       0x10 ./Dave/Generated/DAVE.o
 .debug_ranges  0x00000760       0x28 ./main.o

.debug_weaknames
 *(.debug_weaknames)

.debug_funcnames
 *(.debug_funcnames)

.debug_typenames
 *(.debug_typenames)

.debug_varnames
 *(.debug_varnames)

.build_attributes
                0x00000000      0x3c7
 *(.ARM.attributes)
 .ARM.attributes
                0x00000000       0x25 ./Startup/startup_XMC4700.o
 .ARM.attributes
                0x00000025       0x37 ./Startup/system_XMC4700.o
 .ARM.attributes
                0x0000005c       0x37 ./Libraries/XMCLib/src/xmc4_gpio.o
 .ARM.attributes
                0x00000093       0x37 ./Libraries/XMCLib/src/xmc4_scu.o
 .ARM.attributes
                0x000000ca       0x37 ./Libraries/XMCLib/src/xmc_ccu8.o
 .ARM.attributes
                0x00000101       0x37 ./Libraries/XMCLib/src/xmc_gpio.o
 .ARM.attributes
                0x00000138       0x37 ./Libraries/Newlib/syscalls.o
 .ARM.attributes
                0x0000016f       0x37 ./Dave/Generated/PWM_CCU8/pwm_ccu8.o
 .ARM.attributes
                0x000001a6       0x37 ./Dave/Generated/PWM_CCU8/pwm_ccu8_conf.o
 .ARM.attributes
                0x000001dd       0x37 ./Dave/Generated/GLOBAL_CCU8/global_ccu8.o
 .ARM.attributes
                0x00000214       0x37 ./Dave/Generated/GLOBAL_CCU8/global_ccu8_conf.o
 .ARM.attributes
                0x0000024b       0x37 ./Dave/Generated/DIGITAL_IO/digital_io.o
 .ARM.attributes
                0x00000282       0x37 ./Dave/Generated/DIGITAL_IO/digital_io_conf.o
 .ARM.attributes
                0x000002b9       0x37 ./Dave/Generated/CLOCK_XMC4/clock_xmc4.o
 .ARM.attributes
                0x000002f0       0x37 ./Dave/Generated/CLOCK_XMC4/clock_xmc4_conf.o
 .ARM.attributes
                0x00000327       0x37 ./Dave/Generated/DAVE.o
 .ARM.attributes
                0x0000035e       0x37 ./main.o
 .ARM.attributes
                0x00000395       0x32 c:/davev4-64bit/dave-4.3.2/eclipse/arm-gcc-49/bin/../lib/gcc/arm-none-eabi/4.9.3/../../../../arm-none-eabi/lib/armv7e-m/softfp\libg_nano.a(lib_a-init.o)
OUTPUT(Lab03_Ex02.elf elf32-littlearm)
